PS C:\Users\ataola\Desktop\gitStudy> git init
Initialized empty Git repository in C:/Users/ataola/Desktop/gitStudy/.git/
PS C:\Users\ataola\Desktop\gitStudy> echo "Hello World" >> 1.txt
PS C:\Users\ataola\Desktop\gitStudy> git status
On branch master

No commits yet

Untracked files:
  (use "git add <file>..." to include in what will be committed)

        1.txt

nothing added to commit but untracked files present (use "git add" to track)
PS C:\Users\ataola\Desktop\gitStudy> git add .
PS C:\Users\ataola\Desktop\gitStudy> git status
On branch master

No commits yet

Changes to be committed:
  (use "git rm --cached <file>..." to unstage)

        new file:   1.txt

PS C:\Users\ataola\Desktop\gitStudy> git commit -m "我们可以试一试"
[master (root-commit) 2abe337] 我们可以试一试
 1 file changed, 0 insertions(+), 0 deletions(-)
 create mode 100644 1.txt
PS C:\Users\ataola\Desktop\gitStudy>


